[33m[1m22:08:10[22m [WARN] [router][39m The route "/linea-de-tiempo" is defined in both "src/pages/linea-de-tiempo.astro" and "src/pages/linea-de-tiempo.md". A static route cannot be defined more than once.
[33m[1m22:08:10[22m [WARN] [router][39m A collision will result in an hard error in following versions of Astro.
[2m22:08:11[22m [34m[content][39m Syncing content
[2m22:08:11[22m [34m[content][39m Synced content
[2m22:08:11[22m [34m[types][39m Generated [2m488ms[22m
[2m22:08:11[22m [34m[build][39m output: [34m"static"[39m
[2m22:08:11[22m [34m[build][39m mode: [34m"static"[39m
[2m22:08:11[22m [34m[build][39m directory: [34mD:\APP_development\Mesa_de_CulturaC4\dist\[39m
[2m22:08:11[22m [34m[build][39m Collecting build info...
[2m22:08:11[22m [34m[build][39m [32mÔ£ô Completed in 539ms.[39m
[2m22:08:11[22m [34m[build][39m Building static entrypoints...
node.exe : 
[31m[1m22:08:12[22m [ERROR] 
[vite][39m [31mÔ£ù[39m Build 
failed in 773ms
En línea: 1 Carácter: 1
+ & "C:\nvm4w\nodejs/node.exe" "C
:\nvm4w\nodejs/node_modules/npm/b
in/np ...
+ ~~~~~~~~~~~~~~~~~~~~~~~~~~~~~~~
~~~~~~~~~~~~~~~~~~~~~~~~~~~~~~~~~
~~~~~
    + CategoryInfo          : No 
   tSpecified: ([31m[1m22:08:  
  ...failed in 773ms:String) [   
 ], RemoteException
    + FullyQualifiedErrorId : Na 
   tiveCommandError
 
Could not resolve 
"../layouts/Layout.astro" from "s
rc/pages/memoria-itinerante/index
.md"
file: D:/APP_development/Mesa_de_
CulturaC4/src/pages/memoria-itine
rante/index.md
  [1mStack trace:[22m
[2m    at getRollupError (file:/
//D:/APP_development/Mesa_de_Cult
uraC4/node_modules/rollup/dist/es
/shared/parseAst.js:402:41)
    at ModuleLoader.handleInvalid
ResolvedId (file:///D:/APP_develo
pment/Mesa_de_CulturaC4/node_modu
les/rollup/dist/es/shared/node-en
try.js:21710:24)[22m
